node.exe : Γÿà 
eas-cli@18.4.0 is now 
available.
At C:\Users\arun_\Minicond
a3\eas.ps1:16 char:5
+     & 
"$basedir/node$exe"  "$bas
edir/node_modules/eas-cli/
bin/run" $a ...
+     ~~~~~~~~~~~~~~~~~~~~
~~~~~~~~~~~~~~~~~~~~~~~~~~
~~~~~~~~~~~~~~~~~~~
    + CategoryInfo        
      : NotSpecified: (Γ  
  ÿà eas-cli@18.4.0 is    
 now available.:String    
) [], RemoteException
    + FullyQualifiedError 
   Id : NativeCommandErr  
  or
 
To upgrade, run:
npm install -g eas-cli
Proceeding with outdated 
version.

Unsupported platform, macOS or Linux is required to build apps for Android
    Error: build command 
failed.
